14400 trials

=== threshold sensitivity (recovery error threshold c) ===
c                     0.2    0.3    0.5    0.7
rule                                          
Stage0 kappa<=10    0.778  0.729  0.660  0.615
Stage0 kappa<=100   0.729  0.759  0.791  0.804
Stage0 kappa<=20    0.818  0.796  0.757  0.726
Stage0 kappa<=30    0.816  0.810  0.788  0.770
Stage0 kappa<=50    0.792  0.805  0.808  0.803
pairwise |r|<0.95   0.714  0.683  0.634  0.602
pairwise |r|<0.99   0.513  0.543  0.581  0.603
pairwise |r|<0.999  0.410  0.456  0.521  0.562
c                     0.2    0.3    0.5    0.7
rule                                          
Stage0 kappa<=10    0.275  0.211  0.102  0.068
Stage0 kappa<=100   0.535  0.445  0.327  0.261
Stage0 kappa<=20    0.343  0.256  0.152  0.104
Stage0 kappa<=30    0.394  0.302  0.197  0.139
Stage0 kappa<=50    0.455  0.361  0.246  0.184
pairwise |r|<0.95   0.660  0.583  0.492  0.435
pairwise |r|<0.99   0.692  0.628  0.539  0.484
pairwise |r|<0.999  0.715  0.654  0.567  0.513

=== by factor (frozen: kappa<=30, |r|<0.99, c=0.5) ===
   factor  level    n  recoverable  blind_zone  recoverable_in_blind  acc_stage0  acc_pairwise  fp_stage0  fp_pairwise
 n_speeds    3.0 3600        0.334       0.411                 0.240       0.795         0.579      0.246        0.569
 n_speeds    4.0 3600        0.352       0.411                 0.243       0.799         0.576      0.202        0.557
 n_speeds    6.0 3600        0.381       0.418                 0.263       0.785         0.574      0.186        0.534
 n_speeds    8.0 3600        0.409       0.418                 0.297       0.774         0.594      0.155        0.498
 controls    3.0 7200        0.310       0.412                 0.209       0.817         0.570      0.226        0.597
 controls    4.0 7200        0.428       0.417                 0.313       0.759         0.592      0.173        0.485
imbalance    0.0 7200        0.357       0.409                 0.230       0.804         0.578      0.215        0.548
imbalance    1.0 7200        0.381       0.420                 0.291       0.773         0.584      0.175        0.529
        F    1.0 4800        0.221       0.209                 0.182       0.849         0.706      0.247        0.616
        F    2.0 9600        0.443       0.517                 0.277       0.758         0.518      0.186        0.524
    shift    0.0 9600        0.329       0.366                 0.251       0.803         0.612      0.207        0.552
    shift    0.3 4800        0.449       0.510                 0.276       0.759         0.519      0.182        0.520

=== phase map: recovery rate (rows kappa, cols max pairwise |r|) ===
lc        <0.9  0.9-0.99  0.99-0.999  >0.999
lk                                          
<10      0.970     0.894         NaN     NaN
10-30    0.857     0.805       0.661     NaN
30-100   0.485     0.528       0.508   0.362
100-1e3  0.159     0.178       0.157   0.122
>1e3     0.000     0.022       0.018   0.011
lc       <0.9  0.9-0.99  0.99-0.999  >0.999
lk                                         
<10        33       498           0       0
10-30      77      2705         419       0
30-100     68      1872         730     257
100-1e3   107      2770         861    1115
>1e3       24      1124         433    1307

overall: blind zone 0.414, recoverable inside it 0.261; acc Stage0 0.788 vs pairwise 0.581
